Dynamic AI-NEB running on 4 MPI processes.

Iteration # 1
Initial Amp calculator loaded from previous training.
Training the Amp calculator...
Initial MEP built from scratch.
Running NEB using the Amp calculator...
Climbing image switched off.
      Step     Time          Energy         fmax
BFGS:    0 22:02:53     -199.505800        3.7593
BFGS:    1 22:02:56     -199.589611        3.5023
BFGS:    2 22:03:19     -199.676097        3.0534
BFGS:    3 22:03:42     -199.778246        2.2881
BFGS:    4 22:04:06     -199.923743        2.1513
BFGS:    5 22:04:29     -200.101635        2.0944
BFGS:    6 22:04:52     -200.283024        2.0524
BFGS:    7 22:05:15     -200.458537        1.8874
BFGS:    8 22:05:39     -200.625333        1.6451
BFGS:    9 22:06:02     -200.764771        1.5924
Climbing image switched on.
      Step     Time          Energy         fmax
*Force-consistent energies used in optimization.
FIRE:    0 22:06:25     -200.756993*       1.5784
FIRE:    1 22:06:49     -200.791274*       1.4461
FIRE:    2 22:07:12     -200.858901*       1.2604
FIRE:    3 22:07:35     -200.919160*       0.9283
FIRE:    4 22:07:58     -200.890033*       1.8384
FIRE:    5 22:08:22     -200.904053*       1.6234
FIRE:    6 22:08:45     -200.926324*       1.2129
FIRE:    7 22:09:08     -200.947633*       0.8335
FIRE:    8 22:09:31     -200.960226*       0.7243
FIRE:    9 22:09:55     -200.963547*       0.8397
FIRE:   10 22:10:18     -200.964230*       0.9883
FIRE:   11 22:10:41     -200.969028*       1.1142
FIRE:   12 22:11:04     -200.982002*       1.0670
FIRE:   13 22:11:28     -201.001154*       0.9441
FIRE:   14 22:11:51     -201.016420*       0.7853
FIRE:   15 22:12:14     -201.020962*       0.6560
FIRE:   16 22:12:38     -201.025360*       0.7664
FIRE:   17 22:13:01     -201.039794*       0.6559
FIRE:   18 22:13:24     -201.056023*       0.5868
FIRE:   19 22:13:48     -201.067433*       1.0899
FIRE:   20 22:14:11     -201.077132*       0.9011
FIRE:   21 22:14:34     -201.086638*       0.6389
FIRE:   22 22:14:58     -201.112564*       0.6862
FIRE:   23 22:15:21     -201.132135*       0.9053
FIRE:   24 22:15:44     -201.148217*       0.7843
FIRE:   25 22:16:08     -201.166318*       0.7713
FIRE:   26 22:16:32     -201.187130*       0.4709
FIRE:   27 22:16:56     -201.198988*       0.5519
FIRE:   28 22:17:20     -201.208619*       0.5030
FIRE:   29 22:17:44     -201.215722*       0.9768
FIRE:   30 22:18:08     -201.227434*       0.7042
FIRE:   31 22:18:32     -201.242090*       0.5725
FIRE:   32 22:18:56     -201.245553*       0.7601
FIRE:   33 22:19:20     -201.252612*       0.3861
FIRE:   34 22:19:44     -201.257462*       0.5612
FIRE:   35 22:20:08     -201.251767*       0.5256
FIRE:   36 22:20:32     -201.231250*       0.5492
FIRE:   37 22:20:56     -201.191473*       0.5083
FIRE:   38 22:21:21     -201.139642*       0.6397
Validating the MEP using reference calculator...
Dealing with image # 1 at 22:21:45.
FIRE:   39 22:21:45     -201.091866*       0.5230
Dealing with image # 2 at 22:38:15.
Dealing with image # 3 at 22:54:26.
Dealing with image # 4 at 23:11:52.
      force_rmse =    1.3645e+00 (   5.0000e-02)
 energy_maxresid =    2.2279e-01 (   2.0000e-03)
  force_maxresid =    8.9287e+00 (   1.5000e-01)
     energy_rmse =    1.9245e-01 (   1.0000e-03)
Adding 2 new images to training data.

Iteration # 2
Initial Amp calculator loaded from previous training.
Training the Amp calculator...
Initial MEP built from scratch.
Running NEB using the Amp calculator...
Climbing image switched off.
      Step     Time          Energy         fmax
BFGS:    0 00:13:08     -199.484046        3.9141
BFGS:    1 00:13:32     -199.572699        3.3208
BFGS:    2 00:13:55     -199.671128        2.7111
BFGS:    3 00:14:19     -199.798196        2.0949
BFGS:    4 00:14:42     -199.990761        2.3391
BFGS:    5 00:15:05     -200.179559        2.4879
BFGS:    6 00:15:28     -200.374864        2.5260
BFGS:    7 00:15:52     -200.572728        2.4115
BFGS:    8 00:16:15     -200.764414        2.1238
BFGS:    9 00:16:38     -200.835678        2.0467
Climbing image switched on.
      Step     Time          Energy         fmax
*Force-consistent energies used in optimization.
FIRE:    0 00:17:02     -200.853435*       1.7504
FIRE:    1 00:17:25     -200.889364*       0.9920
FIRE:    2 00:17:48     -200.892149*       0.9006
FIRE:    3 00:18:12     -200.896198*       1.2318
FIRE:    4 00:18:35     -200.920879*       1.0898
FIRE:    5 00:18:58     -200.923234*       1.0290
FIRE:    6 00:19:22     -200.927762*       1.1933
FIRE:    7 00:19:45     -200.949937*       1.1980
FIRE:    8 00:20:09     -200.957400*       1.3241
FIRE:    9 00:20:32     -200.980175*       1.7703
FIRE:   10 00:20:56     -200.994776*       1.4417
FIRE:   11 00:21:20     -201.023830*       1.2890
FIRE:   12 00:21:43     -201.046038*       1.8827
FIRE:   13 00:22:07     -201.078460*       1.1985
FIRE:   14 00:22:30     -201.098779*       1.1708
FIRE:   15 00:22:54     -201.127083*       1.2676
FIRE:   16 00:23:17     -201.127374*       1.7662
FIRE:   17 00:23:41     -201.127142*       1.5325
FIRE:   18 00:24:05     -201.137314*       1.3877
FIRE:   19 00:24:29     -201.171814*       2.3420
FIRE:   20 00:24:53     -201.193479*       1.5249
FIRE:   21 00:25:17     -201.210753*       1.3615
FIRE:   22 00:25:41     -201.175190*       3.0834
FIRE:   23 00:26:04     -201.214484*       1.0117
FIRE:   24 00:26:28     -201.218827*       0.9084
FIRE:   25 00:26:52     -201.225854*       0.9529
FIRE:   26 00:27:16     -201.231904*       1.1621
FIRE:   27 00:27:40     -201.231687*       1.0945
FIRE:   28 00:28:04     -201.230065*       1.4374
FIRE:   29 00:28:28     -201.238660*       1.1133
FIRE:   30 00:28:52     -201.245410*       1.1925
FIRE:   31 00:29:16     -201.247975*       1.2095
FIRE:   32 00:29:40     -201.252136*       0.7070
FIRE:   33 00:30:04     -201.261503*       1.1823
FIRE:   34 00:30:28     -201.272722*       1.1542
FIRE:   35 00:30:51     -201.278164*       1.1250
FIRE:   36 00:31:15     -201.293278*       1.1465
FIRE:   37 00:31:39     -201.302323*       1.2376
FIRE:   38 00:32:03     -201.319762*       1.0520
Validating the MEP using reference calculator...
Dealing with image # 1 at 00:32:27.
Dealing with image # 2 at 00:48:28.
Dealing with image # 3 at 01:03:18.
Dealing with image # 4 at 01:19:16.
      force_rmse =    1.0990e+00 (   5.0000e-02)
 energy_maxresid =    1.2374e-01 (   2.0000e-03)
  force_maxresid =    1.2433e+01 (   1.5000e-01)
     energy_rmse =    8.7576e-02 (   1.0000e-03)
Adding 2 new images to training data.

Iteration # 3
Initial Amp calculator loaded from previous training.
Training the Amp calculator...
Initial MEP built from scratch.
Running NEB using the Amp calculator...
Climbing image switched off.
      Step     Time          Energy         fmax
BFGS:    0 01:53:49     -199.475338        3.9408
BFGS:    1 01:54:12     -199.569443        3.4250
BFGS:    2 01:54:36     -199.653358        2.7773
BFGS:    3 01:55:00     -199.749230        1.9045
BFGS:    4 01:55:24     -199.888817        1.9684
BFGS:    5 01:55:47     -200.036306        2.1156
BFGS:    6 01:56:11     -200.192195        2.2428
BFGS:    7 01:56:35     -200.357514        2.3146
BFGS:    8 01:56:59     -200.531149        2.2770
BFGS:    9 01:57:23     -200.707319        2.4815
Climbing image switched on.
      Step     Time          Energy         fmax
*Force-consistent energies used in optimization.
FIRE:    0 01:57:47     -200.851377*       2.5243
FIRE:    1 01:58:11     -200.876463*       1.5277
FIRE:    2 01:58:35     -200.886022*       1.5197
FIRE:    3 01:58:59     -200.887869*       1.3651
FIRE:    4 01:59:23     -200.891055*       1.0649
FIRE:    5 01:59:46     -200.894835*       0.6940
FIRE:    6 02:00:10     -200.898665*       0.6345
FIRE:    7 02:00:34     -200.902551*       0.9144
FIRE:    8 02:00:57     -200.906935*       1.1191
FIRE:    9 02:01:21     -200.912257*       0.9953
FIRE:   10 02:01:45     -200.919317*       0.5906
FIRE:   11 02:02:08     -200.928000*       0.6128
FIRE:   12 02:02:32     -200.937833*       1.0047
FIRE:   13 02:02:55     -200.949424*       1.2262
FIRE:   14 02:03:19     -200.964651*       0.7414
FIRE:   15 02:03:43     -200.986025*       0.9053
FIRE:   16 02:04:07     -201.015954*       1.7144
FIRE:   17 02:04:31     -201.058695*       1.0816
FIRE:   18 02:04:55     -201.117186*       1.3215
FIRE:   19 02:05:18     -201.182108*       1.8168
FIRE:   20 02:05:42     -201.182694*       0.9950
FIRE:   21 02:06:06     -201.182985*       0.9243
FIRE:   22 02:06:30     -201.181581*       1.0182
FIRE:   23 02:06:54     -201.177378*       1.2850
FIRE:   24 02:07:17     -201.169599*       0.9844
FIRE:   25 02:07:41     -201.156863*       1.1909
FIRE:   26 02:08:05     -201.137754*       0.9801
FIRE:   27 02:08:29     -201.108091*       1.0948
FIRE:   28 02:08:52     -201.066207*       1.0473
FIRE:   29 02:09:16     -201.012044*       1.3609
FIRE:   30 02:09:40     -200.950062*       1.0089
FIRE:   31 02:10:03     -200.889594*       2.0140
FIRE:   32 02:10:27     -200.854049*       1.0279
FIRE:   33 02:10:50     -200.877208*       1.5544
FIRE:   34 02:11:14     -200.868059*       2.8506
FIRE:   35 02:11:37     -200.836835*       2.8834
FIRE:   36 02:12:01     -200.862880*       1.7786
FIRE:   37 02:12:24     -200.885206*       0.8984
FIRE:   38 02:12:48     -200.883698*       1.6068
Validating the MEP using reference calculator...
Dealing with image # 1 at 02:13:12.
FIRE:   39 02:13:12     -200.885443*       1.3165
Dealing with image # 2 at 02:27:56.
Dealing with image # 3 at 02:43:17.
Dealing with image # 4 at 02:57:14.
      force_rmse =    5.4547e-01 (   5.0000e-02)
 energy_maxresid =    5.6694e-02 (   2.0000e-03)
  force_maxresid =    8.1540e+00 (   1.5000e-01)
     energy_rmse =    3.1131e-02 (   1.0000e-03)
Adding 4 new images to training data.

Iteration # 4
Initial Amp calculator loaded from previous training.
Training the Amp calculator...
Initial MEP built from scratch.
Running NEB using the Amp calculator...
Climbing image switched off.
      Step     Time          Energy         fmax
BFGS:    0 03:31:43     -199.445192        3.8534
BFGS:    1 03:32:07     -199.563855        3.2630
BFGS:    2 03:32:32     -199.679732        2.2938
BFGS:    3 03:32:56     -199.832545        2.1839
BFGS:    4 03:33:21     -200.001700        2.2893
BFGS:    5 03:33:45     -200.173268        2.3823
BFGS:    6 03:34:09     -200.346847        2.3845
BFGS:    7 03:34:34     -200.511336        2.1249
BFGS:    8 03:34:58     -200.642499        1.6452
BFGS:    9 03:35:23     -200.723074        1.5930
Climbing image switched on.
      Step     Time          Energy         fmax
*Force-consistent energies used in optimization.
FIRE:    0 03:35:48     -200.782874*       1.7934
FIRE:    1 03:36:12     -200.813915*       1.0688
FIRE:    2 03:36:37     -200.826487*       0.7933
FIRE:    3 03:37:01     -200.833627*       1.3383
FIRE:    4 03:37:26     -200.843520*       1.0946
FIRE:    5 03:37:50     -200.861474*       0.7671
FIRE:    6 03:38:15     -200.887283*       1.3464
FIRE:    7 03:38:39     -200.917842*       0.8230
FIRE:    8 03:39:04     -200.950692*       0.8120
FIRE:    9 03:39:29     -200.970144*       1.2043
FIRE:   10 03:39:53     -200.980774*       0.8121
FIRE:   11 03:40:18     -200.986312*       0.6657
FIRE:   12 03:40:42     -200.994662*       0.4408
FIRE:   13 03:41:07     -201.002591*       0.3303
FIRE:   14 03:41:32     -201.008581*       0.3984
FIRE:   15 03:41:56     -201.012811*       0.4677
FIRE:   16 03:42:21     -201.016279*       0.4723
FIRE:   17 03:42:45     -201.020324*       0.3981
FIRE:   18 03:43:10     -201.026420*       0.3576
FIRE:   19 03:43:34     -201.034239*       0.3048
FIRE:   20 03:43:59     -201.042334*       0.3956
FIRE:   21 03:44:23     -201.049346*       0.3265
FIRE:   22 03:44:48     -201.053889*       0.5983
FIRE:   23 03:45:12     -201.054249*       0.6436
FIRE:   24 03:45:37     -201.051878*       0.3644
FIRE:   25 03:46:01     -201.047790*       0.2656
FIRE:   26 03:46:26     -201.038747*       0.3591
FIRE:   27 03:46:50     -201.033135*       0.3026
FIRE:   28 03:47:14     -201.032017*       0.5668
FIRE:   29 03:47:39     -201.038297*       1.4786
FIRE:   30 03:48:03     -201.046862*       0.6241
FIRE:   31 03:48:28     -201.043039*       1.2400
FIRE:   32 03:48:52     -201.044545*       0.7048
FIRE:   33 03:49:17     -201.046484*       0.7913
FIRE:   34 03:49:41     -201.041687*       0.8132
FIRE:   35 03:50:06     -201.045252*       0.5582
FIRE:   36 03:50:30     -201.045408*       0.4630
FIRE:   37 03:50:54     -201.045561*       0.3118
FIRE:   38 03:51:19     -201.045528*       0.3062
FIRE:   39 03:51:43     -201.045261*       0.3555
Validating the MEP using reference calculator...
Dealing with image # 1 at 03:51:43.
Dealing with image # 2 at 04:06:00.
Dealing with image # 3 at 04:20:38.
Dealing with image # 4 at 04:33:59.
      force_rmse =    2.2572e-01 (   5.0000e-02)
 energy_maxresid =    1.0823e-02 (   2.0000e-03)
  force_maxresid =    2.0016e+00 (   1.5000e-01)
     energy_rmse =    7.9296e-03 (   1.0000e-03)
Adding 4 new images to training data.

Iteration # 5
Initial Amp calculator loaded from previous training.
Training the Amp calculator...
Initial MEP built from scratch.
Running NEB using the Amp calculator...
Climbing image switched off.
      Step     Time          Energy         fmax
BFGS:    0 05:03:26     -199.440070        3.8158
BFGS:    1 05:03:49     -199.569128        3.2356
BFGS:    2 05:04:13     -199.693689        2.4213
BFGS:    3 05:04:37     -199.840965        2.1324
BFGS:    4 05:05:01     -199.999876        2.0538
BFGS:    5 05:05:25     -200.144258        1.9174
BFGS:    6 05:05:49     -200.273073        1.7199
BFGS:    7 05:06:13     -200.384833        1.4533
BFGS:    8 05:06:37     -200.478597        1.1064
BFGS:    9 05:07:01     -200.554437        1.0959
Climbing image switched on.
      Step     Time          Energy         fmax
*Force-consistent energies used in optimization.
FIRE:    0 05:07:25     -200.616473*       1.2559
FIRE:    1 05:07:49     -200.637779*       1.0867
FIRE:    2 05:08:12     -200.656880*       1.1358
FIRE:    3 05:08:36     -200.652418*       1.0891
FIRE:    4 05:09:00     -200.620427*       1.2458
FIRE:    5 05:09:24     -200.569308*       1.3804
FIRE:    6 05:09:48     -200.511782*       1.2922
FIRE:    7 05:10:11     -200.462825*       1.2213
FIRE:    8 05:10:35     -200.449232*       1.0926
FIRE:    9 05:10:59     -200.498260*       1.1427
FIRE:   10 05:11:23     -200.555977*       1.2746
FIRE:   11 05:11:46     -200.556456*       1.1433
FIRE:   12 05:12:10     -200.483214*       1.7412
FIRE:   13 05:12:33     -200.530611*       1.5792
FIRE:   14 05:12:57     -200.620998*       1.1498
FIRE:   15 05:13:20     -200.615289*       1.0191
FIRE:   16 05:13:44     -200.664847*       1.3761
FIRE:   17 05:14:07     -200.705151*       0.6540
FIRE:   18 05:14:30     -200.709706*       1.6179
FIRE:   19 05:14:54     -200.695133*       0.9391
FIRE:   20 05:15:17     -200.676864*       3.3797
FIRE:   21 05:15:41     -200.679376*       0.9413
FIRE:   22 05:16:04     -200.682936*       0.8835
FIRE:   23 05:16:27     -200.684950*       0.8230
FIRE:   24 05:16:51     -200.683245*       0.7693
FIRE:   25 05:17:14     -200.676732*       0.7313
FIRE:   26 05:17:38     -200.665003*       0.7031
FIRE:   27 05:18:02     -200.647901*       0.7375
FIRE:   28 05:18:25     -200.622850*       0.7757
FIRE:   29 05:18:49     -200.589736*       0.7303
FIRE:   30 05:19:13     -200.557513*       0.9918
FIRE:   31 05:19:36     -200.561286*       1.2738
FIRE:   32 05:20:00     -200.643861*       0.9432
FIRE:   33 05:20:24     -200.718640*       0.7180
FIRE:   34 05:20:48     -200.740548*       1.0153
FIRE:   35 05:21:11     -200.675287*       2.2824
FIRE:   36 05:21:35     -200.642744*       3.5922
FIRE:   37 05:21:59     -200.770211*       2.7631
FIRE:   38 05:22:23     -200.740078*       2.9050
FIRE:   39 05:22:46     -200.740572*       1.6117
Validating the MEP using reference calculator...
Dealing with image # 1 at 05:22:46.
Dealing with image # 2 at 05:37:31.
Dealing with image # 3 at 05:51:14.
Dealing with image # 4 at 06:05:57.
      force_rmse =    2.7712e-01 (   5.0000e-02)
 energy_maxresid =    2.2227e-02 (   2.0000e-03)
  force_maxresid =    2.7585e+00 (   1.5000e-01)
     energy_rmse =    1.2688e-02 (   1.0000e-03)
Adding 4 new images to training data.

Iteration # 6
Initial Amp calculator loaded from previous training.
Training the Amp calculator...
Initial MEP built from scratch.
Running NEB using the Amp calculator...
Climbing image switched off.
      Step     Time          Energy         fmax
BFGS:    0 06:33:38     -199.466993        3.8289
BFGS:    1 06:34:02     -199.573384        3.2545
BFGS:    2 06:34:25     -199.684099        2.3224
BFGS:    3 06:34:49     -199.825116        2.0438
BFGS:    4 06:35:12     -199.981340        1.9957
BFGS:    5 06:35:35     -200.121019        1.8709
BFGS:    6 06:35:59     -200.242371        1.6721
BFGS:    7 06:36:22     -200.343383        1.3991
BFGS:    8 06:36:46     -200.422657        1.0572
BFGS:    9 06:37:09     -200.481097        0.8925
Climbing image switched on.
      Step     Time          Energy         fmax
*Force-consistent energies used in optimization.
FIRE:    0 06:37:33     -200.524327*       1.0142
FIRE:    1 06:37:56     -200.538302*       0.8707
FIRE:    2 06:38:20     -200.556619*       0.6615
FIRE:    3 06:38:43     -200.569356*       0.7058
FIRE:    4 06:39:06     -200.572964*       0.7409
FIRE:    5 06:39:29     -200.569313*       0.7336
FIRE:    6 06:39:53     -200.561684*       0.7060
FIRE:    7 06:40:16     -200.552511*       0.6882
FIRE:    8 06:40:39     -200.543438*       0.6945
FIRE:    9 06:41:03     -200.544662*       0.7445
FIRE:   10 06:41:26     -200.581471*       0.8581
FIRE:   11 06:41:50     -200.671347*       0.8329
FIRE:   12 06:42:13     -200.623223*       2.7710
FIRE:   13 06:42:37     -200.686119*       1.4909
FIRE:   14 06:43:00     -200.725196*       0.6963
FIRE:   15 06:43:24     -200.728177*       1.0736
FIRE:   16 06:43:47     -200.728024*       1.0497
FIRE:   17 06:44:11     -200.730007*       1.0267
FIRE:   18 06:44:34     -200.738539*       1.1359
FIRE:   19 06:44:58     -200.761551*       1.0233
FIRE:   20 06:45:21     -200.791540*       0.5410
FIRE:   21 06:45:45     -200.791627*       0.5872
FIRE:   22 06:46:09     -200.793809*       0.5356
FIRE:   23 06:46:32     -200.797271*       0.4617
FIRE:   24 06:46:56     -200.800690*       0.3554
FIRE:   25 06:47:20     -200.802986*       0.2247
FIRE:   26 06:47:43     -200.803807*       0.1972
FIRE:   27 06:48:07     -200.803627*       0.2536
FIRE:   28 06:48:30     -200.803318*       0.2862
FIRE:   29 06:48:54     -200.803617*       0.2851
FIRE:   30 06:49:17     -200.804889*       0.2863
FIRE:   31 06:49:40     -200.806688*       0.2068
FIRE:   32 06:50:04     -200.807728*       0.1601
FIRE:   33 06:50:27     -200.807262*       0.3072
FIRE:   34 06:50:51     -200.806734*       0.3819
FIRE:   35 06:51:14     -200.807915*       0.3118
FIRE:   36 06:51:37     -200.809624*       0.1284
FIRE:   37 06:52:01     -200.809439*       0.2061
FIRE:   38 06:52:24     -200.810158*       0.2639
Validating the MEP using reference calculator...
Dealing with image # 1 at 06:52:48.
FIRE:   39 06:52:48     -200.813237*       0.0909
Dealing with image # 2 at 07:06:57.
Dealing with image # 3 at 07:20:06.
Dealing with image # 4 at 07:34:44.
      force_rmse =    9.0390e-02 (   5.0000e-02)
 energy_maxresid =    1.5982e-03 (   2.0000e-03)
  force_maxresid =    7.8802e-01 (   1.5000e-01)
     energy_rmse =    1.3426e-03 (   1.0000e-03)
Adding 4 new images to training data.

Iteration # 7
Initial Amp calculator loaded from previous training.
Training the Amp calculator...
Initial MEP built from scratch.
Running NEB using the Amp calculator...
Climbing image switched off.
      Step     Time          Energy         fmax
BFGS:    0 08:04:02     -199.447652        3.8368
BFGS:    1 08:04:26     -199.572605        3.2798
BFGS:    2 08:04:49     -199.692617        2.4033
BFGS:    3 08:05:13     -199.833027        2.0264
BFGS:    4 08:05:36     -199.978708        1.9320
BFGS:    5 08:06:00     -200.106521        1.7969
BFGS:    6 08:06:23     -200.217904        1.6123
BFGS:    7 08:06:46     -200.313007        1.3692
BFGS:    8 08:07:10     -200.391274        1.0661
BFGS:    9 08:07:33     -200.452687        0.9156
Climbing image switched on.
      Step     Time          Energy         fmax
*Force-consistent energies used in optimization.
FIRE:    0 08:07:57     -200.499429*       1.0221
FIRE:    1 08:08:21     -200.507396*       0.9192
FIRE:    2 08:08:44     -200.515880*       0.7574
FIRE:    3 08:09:08     -200.515552*       0.7588
FIRE:    4 08:09:31     -200.502397*       0.8042
FIRE:    5 08:09:55     -200.481452*       0.8072
FIRE:    6 08:10:18     -200.462855*       0.7744
FIRE:    7 08:10:42     -200.453799*       0.7521
FIRE:    8 08:11:05     -200.458507*       0.8514
FIRE:    9 08:11:29     -200.489977*       0.7211
FIRE:   10 08:11:52     -200.569130*       0.9809
FIRE:   11 08:12:15     -200.650681*       0.7587
FIRE:   12 08:12:39     -200.562309*       2.8089
FIRE:   13 08:13:02     -200.628225*       1.4353
FIRE:   14 08:13:25     -200.672162*       0.7759
FIRE:   15 08:13:48     -200.684927*       0.9556
FIRE:   16 08:14:12     -200.685690*       0.7417
FIRE:   17 08:14:35     -200.675698*       0.7491
FIRE:   18 08:14:58     -200.678155*       0.7294
FIRE:   19 08:15:21     -200.682801*       0.6915
FIRE:   20 08:15:45     -200.689137*       0.6379
FIRE:   21 08:16:08     -200.696498*       0.5717
FIRE:   22 08:16:31     -200.704140*       0.4941
FIRE:   23 08:16:55     -200.711318*       0.4032
FIRE:   24 08:17:18     -200.717345*       0.3151
FIRE:   25 08:17:41     -200.721978*       0.2281
FIRE:   26 08:18:04     -200.724150*       0.2350
FIRE:   27 08:18:28     -200.723672*       0.4648
FIRE:   28 08:18:51     -200.722568*       0.6655
FIRE:   29 08:19:14     -200.724388*       0.7187
FIRE:   30 08:19:37     -200.730835*       0.5994
FIRE:   31 08:20:01     -200.739520*       0.4182
FIRE:   32 08:20:24     -200.746268*       0.2345
FIRE:   33 08:20:47     -200.747764*       0.3550
FIRE:   34 08:21:11     -200.749070*       0.5436
FIRE:   35 08:21:34     -200.759212*       0.3659
FIRE:   36 08:21:57     -200.770806*       0.2714
FIRE:   37 08:22:21     -200.773536*       0.5988
FIRE:   38 08:22:44     -200.776125*       0.4371
FIRE:   39 08:23:07     -200.779231*       0.2741
Validating the MEP using reference calculator...
Dealing with image # 1 at 08:23:07.
Dealing with image # 2 at 08:37:05.
Dealing with image # 3 at 08:50:13.
Dealing with image # 4 at 09:04:07.
      force_rmse =    4.8874e-02 (   5.0000e-02)
 energy_maxresid =    1.7237e-03 (   2.0000e-03)
  force_maxresid =    4.6323e-01 (   1.5000e-01)
     energy_rmse =    9.6109e-04 (   1.0000e-03)
Adding 4 new images to training data.

Iteration # 8
Initial Amp calculator loaded from previous training.
Training the Amp calculator...
Initial MEP built from scratch.
Running NEB using the Amp calculator...
Climbing image switched off.
      Step     Time          Energy         fmax
BFGS:    0 09:29:01     -199.448580        3.8008
BFGS:    1 09:29:24     -199.563256        3.3337
BFGS:    2 09:29:48     -199.677419        2.5811
BFGS:    3 09:30:11     -199.808947        2.0607
BFGS:    4 09:30:35     -199.957415        1.9844
BFGS:    5 09:30:58     -200.089575        1.8604
BFGS:    6 09:31:22     -200.206260        1.6843
BFGS:    7 09:31:45     -200.307279        1.4465
BFGS:    8 09:32:09     -200.391461        1.1403
BFGS:    9 09:32:32     -200.457603        0.9399
Climbing image switched on.
      Step     Time          Energy         fmax
*Force-consistent energies used in optimization.
FIRE:    0 09:32:56     -200.506172*       0.9882
FIRE:    1 09:33:20     -200.514203*       0.8806
FIRE:    2 09:33:43     -200.523644*       0.7055
FIRE:    3 09:34:06     -200.525610*       0.7263
FIRE:    4 09:34:30     -200.515092*       0.7521
FIRE:    5 09:34:53     -200.496960*       0.7441
FIRE:    6 09:35:17     -200.482957*       0.7217
FIRE:    7 09:35:40     -200.478963*       0.7325
FIRE:    8 09:36:04     -200.488235*       0.8202
FIRE:    9 09:36:27     -200.525438*       0.7367
FIRE:   10 09:36:51     -200.607803*       0.8331
FIRE:   11 09:37:15     -200.642380*       1.3352
FIRE:   12 09:37:38     -200.658792*       0.9340
FIRE:   13 09:38:01     -200.678099*       0.4872
FIRE:   14 09:38:25     -200.691606*       0.5487
FIRE:   15 09:38:48     -200.702746*       0.6749
FIRE:   16 09:39:12     -200.714403*       0.6402
FIRE:   17 09:39:35     -200.724415*       0.5471
FIRE:   18 09:39:58     -200.734223*       0.7980
FIRE:   19 09:40:22     -200.749607*       0.7735
FIRE:   20 09:40:45     -200.767996*       0.3200
FIRE:   21 09:41:08     -200.773644*       0.5518
FIRE:   22 09:41:32     -200.770935*       0.8393
FIRE:   23 09:41:55     -200.773746*       0.7072
FIRE:   24 09:42:18     -200.777845*       0.4740
FIRE:   25 09:42:42     -200.781225*       0.2311
FIRE:   26 09:43:06     -200.782755*       0.2528
FIRE:   27 09:43:29     -200.782849*       0.2908
FIRE:   28 09:43:52     -200.782674*       0.3006
FIRE:   29 09:44:16     -200.783007*       0.2917
FIRE:   30 09:44:39     -200.784173*       0.2753
FIRE:   31 09:45:02     -200.786041*       0.2372
FIRE:   32 09:45:26     -200.787833*       0.1618
FIRE:   33 09:45:49     -200.788023*       0.2798
FIRE:   34 09:46:13     -200.787202*       0.4444
FIRE:   35 09:46:36     -200.788571*       0.3463
FIRE:   36 09:46:59     -200.790512*       0.1313
FIRE:   37 09:47:23     -200.790382*       0.2130
FIRE:   38 09:47:46     -200.790784*       0.2517
Validating the MEP using reference calculator...
Dealing with image # 1 at 09:48:09.
FIRE:   39 09:48:09     -200.793231*       0.1042
Dealing with image # 2 at 10:02:01.
Dealing with image # 3 at 10:15:08.
Dealing with image # 4 at 10:29:00.
      force_rmse =    3.7438e-02 (   5.0000e-02)
 energy_maxresid =    1.0775e-03 (   2.0000e-03)
  force_maxresid =    2.5933e-01 (   1.5000e-01)
     energy_rmse =    5.7967e-04 (   1.0000e-03)
Adding 4 new images to training data.

Iteration # 9
Initial Amp calculator loaded from previous training.
Training the Amp calculator...
Initial MEP built from scratch.
Running NEB using the Amp calculator...
Climbing image switched off.
      Step     Time          Energy         fmax
BFGS:    0 10:46:24     -199.445307        3.8104
BFGS:    1 10:46:47     -199.558733        3.3642
BFGS:    2 10:47:10     -199.671337        2.6570
BFGS:    3 10:47:34     -199.799404        2.0658
BFGS:    4 10:47:57     -199.948305        1.9954
BFGS:    5 10:48:21     -200.081289        1.8769
BFGS:    6 10:48:44     -200.199115        1.7054
BFGS:    7 10:49:07     -200.301572        1.4710
BFGS:    8 10:49:30     -200.387433        1.1665
BFGS:    9 10:49:53     -200.455323        0.9510
Climbing image switched on.
      Step     Time          Energy         fmax
*Force-consistent energies used in optimization.
FIRE:    0 10:50:17     -200.505305*       0.9963
FIRE:    1 10:50:40     -200.512563*       0.8911
FIRE:    2 10:51:04     -200.520763*       0.7206
FIRE:    3 10:51:27     -200.521321*       0.7225
FIRE:    4 10:51:51     -200.509354*       0.7436
FIRE:    5 10:52:14     -200.489428*       0.7316
FIRE:    6 10:52:38     -200.473014*       0.7054
FIRE:    7 10:53:01     -200.466238*       0.7634
FIRE:    8 10:53:25     -200.472293*       0.8270
FIRE:    9 10:53:48     -200.505254*       0.7009
FIRE:   10 10:54:12     -200.584826*       0.8949
FIRE:   11 10:54:35     -200.648568*       0.9236
FIRE:   12 10:54:59     -200.554428*       3.0408
FIRE:   13 10:55:22     -200.625682*       1.5955
FIRE:   14 10:55:46     -200.673472*       0.7461
FIRE:   15 10:56:09     -200.684206*       0.8326
FIRE:   16 10:56:33     -200.678418*       0.7993
FIRE:   17 10:56:56     -200.680508*       0.7810
FIRE:   18 10:57:20     -200.684508*       0.7429
FIRE:   19 10:57:43     -200.690060*       0.6825
FIRE:   20 10:58:07     -200.696636*       0.5964
FIRE:   21 10:58:31     -200.703570*       0.4808
FIRE:   22 10:58:54     -200.710125*       0.3761
FIRE:   23 10:59:18     -200.715625*       0.3483
FIRE:   24 10:59:41     -200.720007*       0.2993
FIRE:   25 11:00:05     -200.722996*       0.4201
FIRE:   26 11:00:28     -200.725578*       0.6321
FIRE:   27 11:00:52     -200.730032*       0.7395
FIRE:   28 11:01:15     -200.738453*       0.6966
FIRE:   29 11:01:39     -200.750710*       0.5114
FIRE:   30 11:02:02     -200.763306*       0.2913
FIRE:   31 11:02:26     -200.770507*       0.3963
FIRE:   32 11:02:49     -200.773130*       0.6623
FIRE:   33 11:03:12     -200.775913*       0.5358
FIRE:   34 11:03:36     -200.772873*       0.6869
FIRE:   35 11:03:59     -200.774925*       0.5935
FIRE:   36 11:04:22     -200.778212*       0.4341
FIRE:   37 11:04:46     -200.781688*       0.2608
FIRE:   38 11:05:09     -200.784694*       0.2861
Validating the MEP using reference calculator...
Dealing with image # 1 at 11:05:33.
FIRE:   39 11:05:33     -200.787046*       0.2550
Dealing with image # 2 at 11:19:30.
Dealing with image # 3 at 11:32:39.
Dealing with image # 4 at 11:46:33.
      force_rmse =    2.9828e-02 (   5.0000e-02)
 energy_maxresid =    1.1481e-03 (   2.0000e-03)
  force_maxresid =    1.6717e-01 (   1.5000e-01)
     energy_rmse =    5.9685e-04 (   1.0000e-03)
Adding 4 new images to training data.

Iteration # 10
Initial Amp calculator loaded from previous training.
Training the Amp calculator...
Initial MEP built from scratch.
Running NEB using the Amp calculator...
Climbing image switched off.
      Step     Time          Energy         fmax
BFGS:    0 12:05:47     -199.453244        3.8045
BFGS:    1 12:06:10     -199.563810        3.3645
BFGS:    2 12:06:34     -199.674013        2.6927
BFGS:    3 12:06:57     -199.798213        2.0561
BFGS:    4 12:07:21     -199.946170        1.9914
BFGS:    5 12:07:44     -200.079147        1.8786
BFGS:    6 12:08:08     -200.197698        1.7104
BFGS:    7 12:08:31     -200.301273        1.4760
BFGS:    8 12:08:55     -200.388263        1.1670
BFGS:    9 12:09:18     -200.456818        0.9613
Climbing image switched on.
      Step     Time          Energy         fmax
*Force-consistent energies used in optimization.
FIRE:    0 12:09:42     -200.506532*       0.9701
FIRE:    1 12:10:05     -200.512069*       0.8672
FIRE:    2 12:10:29     -200.517293*       0.7040
FIRE:    3 12:10:52     -200.514463*       0.7282
FIRE:    4 12:11:16     -200.499739*       0.7435
FIRE:    5 12:11:39     -200.478261*       0.7276
FIRE:    6 12:12:03     -200.461455*       0.6974
FIRE:    7 12:12:26     -200.456209*       0.7915
FIRE:    8 12:12:50     -200.467536*       0.7853
FIRE:    9 12:13:13     -200.509862*       0.7487
FIRE:   10 12:13:37     -200.597511*       0.8987
FIRE:   11 12:14:00     -200.631672*       1.5046
FIRE:   12 12:14:24     -200.650286*       1.0166
FIRE:   13 12:14:47     -200.669995*       0.5063
FIRE:   14 12:15:11     -200.681610*       0.6395
FIRE:   15 12:15:34     -200.691419*       0.7503
FIRE:   16 12:15:58     -200.702663*       0.6265
FIRE:   17 12:16:22     -200.711959*       0.6001
FIRE:   18 12:16:46     -200.721295*       0.8594
FIRE:   19 12:17:09     -200.737708*       0.8180
FIRE:   20 12:17:33     -200.758267*       0.3397
FIRE:   21 12:17:56     -200.766343*       0.5292
FIRE:   22 12:18:20     -200.764937*       0.7286
FIRE:   23 12:18:44     -200.767656*       0.6156
FIRE:   24 12:19:07     -200.771740*       0.4151
FIRE:   25 12:19:31     -200.775286*       0.1988
FIRE:   26 12:19:55     -200.777000*       0.1751
FIRE:   27 12:20:18     -200.777028*       0.2500
FIRE:   28 12:20:42     -200.776570*       0.3152
FIRE:   29 12:21:05     -200.776675*       0.3435
FIRE:   30 12:21:29     -200.777904*       0.3306
FIRE:   31 12:21:53     -200.780221*       0.2609
FIRE:   32 12:22:16     -200.782669*       0.1268
FIRE:   33 12:22:40     -200.783429*       0.2165
FIRE:   34 12:23:04     -200.782906*       0.3988
FIRE:   35 12:23:28     -200.784371*       0.3339
FIRE:   36 12:23:51     -200.786904*       0.1526
FIRE:   37 12:24:15     -200.787482*       0.1694
FIRE:   38 12:24:38     -200.787737*       0.2528
FIRE:   39 12:25:01     -200.790449*       0.0949
Dealing with image # 1 at 12:25:01.
Dealing with image # 2 at 12:39:02.
Dealing with image # 3 at 12:52:13.
Dealing with image # 4 at 13:06:08.
      force_rmse =    2.9597e-02 (   5.0000e-02)
 energy_maxresid =    9.8858e-04 (   2.0000e-03)
  force_maxresid =    1.3842e-01 (   1.5000e-01)
     energy_rmse =    5.5097e-04 (   1.0000e-03)

AI-NEB calculation converged.
The MEP is saved in mep.traj.
