Dealing with image # 0 at 20:02:56.
Dealing with image # 1 at 20:19:25.
Dealing with image # 2 at 20:25:21.
Dealing with image # 3 at 20:31:16.
Dealing with image # 4 at 20:37:11.
Dealing with image # 5 at 20:43:05.
Dealing with image # 6 at 20:49:01.
Dealing with image # 7 at 20:54:57.
Dealing with image # 8 at 21:00:55.
Dealing with image # 9 at 21:06:52.
Dealing with image # 10 at 21:12:48.
Dealing with image # 11 at 21:18:46.
Dealing with image # 12 at 21:24:42.
Dealing with image # 13 at 21:30:38.
Dealing with image # 14 at 21:36:36.
Dealing with image # 15 at 21:46:25.
Dealing with image # 16 at 21:56:20.
Dealing with image # 17 at 22:07:24.
Dealing with image # 18 at 22:17:52.
Dealing with image # 19 at 22:27:20.
Dealing with image # 20 at 22:36:42.
Dealing with image # 21 at 22:44:48.
Dealing with image # 22 at 22:52:01.
Dealing with image # 23 at 22:59:18.
Dealing with image # 24 at 23:05:56.
Dealing with image # 25 at 23:12:24.
Dealing with image # 26 at 23:18:56.
Dealing with image # 27 at 23:25:28.
Dealing with image # 28 at 23:31:22.
Dealing with image # 29 at 23:37:14.
Dealing with image # 30 at 23:43:46.
Dealing with image # 31 at 23:50:52.
Dealing with image # 32 at 23:58:17.
Dealing with image # 33 at 00:06:12.
Dealing with image # 34 at 00:14:05.
Dealing with image # 35 at 00:21:55.
Dealing with image # 36 at 00:32:07.
Dealing with image # 37 at 00:42:13.
Dealing with image # 38 at 00:48:50.
Dealing with image # 39 at 00:54:46.
Dealing with image # 40 at 01:00:02.
Dealing with image # 41 at 01:05:20.
Dealing with image # 42 at 01:10:36.
Dealing with image # 43 at 01:15:53.
Dealing with image # 44 at 01:21:11.
Dealing with image # 45 at 01:26:28.
Dealing with image # 46 at 01:31:47.
Dealing with image # 47 at 01:37:42.
Dealing with image # 48 at 01:43:38.
Dealing with image # 49 at 01:49:36.
Dealing with image # 50 at 01:55:33.
Dealing with image # 51 at 02:01:30.
